jest.config.ts(1,29): error TS2307: Cannot find module 'jest' or its corresponding type declarations.
src/app/401/page.tsx(9,11): error TS2339: Property 'openAuthModal' does not exist on type 'AppContextType'.
src/app/admin/second-opinions/decisions/page.tsx(99,26): error TS2345: Argument of type '{ createdAt: any; updatedAt: any; id: string; }[]' is not assignable to parameter of type 'SetStateAction<Decision[]>'.
  Type '{ createdAt: any; updatedAt: any; id: string; }[]' is not assignable to type 'Decision[]'.
    Type '{ createdAt: any; updatedAt: any; id: string; }' is missing the following properties from type 'Decision': title, content, outcome
src/app/admin/seminarer/page.tsx(243,80): error TS2339: Property 'userEmail' does not exist on type 'SavedSeminar'.
src/app/admin/seminarer/page.tsx(276,77): error TS2339: Property 'userEmail' does not exist on type 'SavedSeminar'.
src/app/admin/surveys/page.tsx(97,35): error TS2769: No overload matches this call.
  Overload 1 of 2, '(o: { [s: string]: number; } | ArrayLike<number>): [string, number][]', gave the following error.
    Argument of type 'Record<string, number> | undefined' is not assignable to parameter of type '{ [s: string]: number; } | ArrayLike<number>'.
      Type 'undefined' is not assignable to type '{ [s: string]: number; } | ArrayLike<number>'.
  Overload 2 of 2, '(o: {}): [string, any][]', gave the following error.
    Argument of type 'Record<string, number> | undefined' is not assignable to parameter of type '{}'.
      Type 'undefined' is not assignable to type '{}'.
src/app/admin/surveys/page.tsx(133,33): error TS18048: 'stats.distribution' is possibly 'undefined'.
src/app/api/auth/callback/microsoft/route.ts(27,26): error TS2349: This expression is not callable.
  Type 'Auth' has no call signatures.
src/app/api/simulator/tts/route.ts(2,10): error TS2724: '"@/lib/openai-tts"' has no exported member named 'generateOpenAITITTS'. Did you mean 'generateOpenAITTS'?
src/app/api/stripe-webhook/route.ts(56,28): error TS2349: This expression is not callable.
  Type 'Boolean' has no call signatures.
src/app/auth/action/page.tsx(20,18): error TS18047: 'searchParams' is possibly 'null'.
src/app/auth/action/page.tsx(21,24): error TS18047: 'searchParams' is possibly 'null'.
src/app/AuthModal.tsx(113,43): error TS2322: Type 'string | undefined' is not assignable to type 'string'.
  Type 'undefined' is not assignable to type 'string'.
src/app/AuthModal.tsx(214,44): error TS2345: Argument of type 'Auth | null' is not assignable to parameter of type 'Auth'.
  Type 'null' is not assignable to type 'Auth'.
src/app/AuthModal.tsx(221,39): error TS2345: Argument of type 'Auth | null' is not assignable to parameter of type 'Auth'.
  Type 'null' is not assignable to type 'Auth'.
src/app/AuthModal.tsx(244,42): error TS2345: Argument of type 'Auth | null' is not assignable to parameter of type 'Auth'.
  Type 'null' is not assignable to type 'Auth'.
src/app/AuthModal.tsx(247,69): error TS2345: Argument of type 'Auth | null' is not assignable to parameter of type 'Auth'.
  Type 'null' is not assignable to type 'Auth'.
src/app/AuthModal.tsx(249,37): error TS2345: Argument of type 'Auth | null' is not assignable to parameter of type 'Auth'.
  Type 'null' is not assignable to type 'Auth'.
src/app/case-analyser/page.tsx(224,36): error TS2304: Cannot find name 'LawConfig'.
src/app/case-analyser/page.tsx(242,81): error TS2304: Cannot find name 'LawConfig'.
src/app/case-trainer/page.tsx(152,46): error TS2345: Argument of type '{ topic: string; profession: string | undefined; }' is not assignable to parameter of type '{ topic: string; lawContext: string; profession?: string | undefined; }'.
  Property 'lawContext' is missing in type '{ topic: string; profession: string | undefined; }' but required in type '{ topic: string; lawContext: string; profession?: string | undefined; }'.
src/app/concept-explainer/page.tsx(107,60): error TS2339: Property 'question' does not exist on type '{ description: string; title: string; query: string; }'.
src/app/concept-explainer/page.tsx(110,33): error TS2339: Property 'label' does not exist on type '{ description: string; title: string; query: string; }'.
src/app/concept-explainer/page.tsx(567,77): error TS2532: Object is possibly 'undefined'.
src/app/concept-explainer/page.tsx(880,37): error TS2551: Property 'conceptExplainerUsage' does not exist on type 'UserProfile'. Did you mean 'lastConceptExplainerUsage'?
src/app/concept-explainer/page.tsx(924,46): error TS2304: Cannot find name 'router'.
src/app/diagnose-guide/page.tsx(56,34): error TS2339: Property 'track' does not exist on type 'UserProfile'.
src/app/kp/page.tsx(313,17): error TS2339: Property 'openAuthModal' does not exist on type 'AppContextType'.
src/app/kursus/[id]/page.tsx(35,13): error TS2339: Property 'id' does not exist on type 'Record<string, string | string[]> | null'.
src/app/kursus/[id]/page.tsx(162,26): error TS2339: Property 'reflectionQuestion' does not exist on type '{ quiz?: { options: string[]; explanation: string; question: string; correctOptionIndex: number; }[] | undefined; reflection?: string | undefined; caseChallenge?: string | undefined; }'.
src/app/kursus/[id]/page.tsx(172,66): error TS2339: Property 'completedLessons' does not exist on type '{ courseTitle: string; overallLearningOutcomes: string[]; modules: { description: string; title: string; lessons: { title: string; duration: string; contentSummary: string; sections?: { content: string; title: string; }[] | undefined; interactiveElements?: { ...; } | undefined; suggestedReading?: { ...; }[] | undefi...'.
src/app/kursus/[id]/page.tsx(207,26): error TS2339: Property 'reflectionQuestion' does not exist on type '{ quiz?: { options: string[]; explanation: string; question: string; correctOptionIndex: number; }[] | undefined; reflection?: string | undefined; caseChallenge?: string | undefined; }'.
src/app/kursus/[id]/page.tsx(232,49): error TS2339: Property 'reflectionQuestion' does not exist on type '{ quiz?: { options: string[]; explanation: string; question: string; correctOptionIndex: number; }[] | undefined; reflection?: string | undefined; caseChallenge?: string | undefined; }'.
src/app/kursus/[id]/page.tsx(481,60): error TS2339: Property 'completedLessons' does not exist on type '{ courseTitle: string; overallLearningOutcomes: string[]; modules: { description: string; title: string; lessons: { title: string; duration: string; contentSummary: string; sections?: { content: string; title: string; }[] | undefined; interactiveElements?: { ...; } | undefined; suggestedReading?: { ...; }[] | undefi...'.
src/app/kursus/[id]/page.tsx(498,133): error TS2339: Property 'durationMinutes' does not exist on type '{ title: string; duration: string; contentSummary: string; sections?: { content: string; title: string; }[] | undefined; interactiveElements?: { quiz?: { options: string[]; explanation: string; question: string; correctOptionIndex: number; }[] | undefined; reflection?: string | undefined; caseChallenge?: string | un...'.
src/app/kursus/[id]/page.tsx(564,49): error TS2339: Property 'learningObjectives' does not exist on type '{ title: string; duration: string; contentSummary: string; sections?: { content: string; title: string; }[] | undefined; interactiveElements?: { quiz?: { options: string[]; explanation: string; question: string; correctOptionIndex: number; }[] | undefined; reflection?: string | undefined; caseChallenge?: string | un...'.
src/app/kursus/[id]/page.tsx(626,57): error TS2339: Property 'learningObjectives' does not exist on type '{ title: string; duration: string; contentSummary: string; sections?: { content: string; title: string; }[] | undefined; interactiveElements?: { quiz?: { options: string[]; explanation: string; question: string; correctOptionIndex: number; }[] | undefined; reflection?: string | undefined; caseChallenge?: string | un...'.
src/app/kursus/[id]/page.tsx(639,57): error TS2339: Property 'legalLinks' does not exist on type '{ title: string; duration: string; contentSummary: string; sections?: { content: string; title: string; }[] | undefined; interactiveElements?: { quiz?: { options: string[]; explanation: string; question: string; correctOptionIndex: number; }[] | undefined; reflection?: string | undefined; caseChallenge?: string | un...'.
src/app/kursus/[id]/page.tsx(657,111): error TS2339: Property 'title' does not exist on type '{ relevance: string; source: string; pages: string; }'.
src/app/kursus/[id]/page.tsx(658,180): error TS2339: Property 'pageRef' does not exist on type '{ relevance: string; source: string; pages: string; }'.
src/app/kursus/[id]/page.tsx(772,119): error TS2339: Property 'reflectionQuestion' does not exist on type '{ quiz?: { options: string[]; explanation: string; question: string; correctOptionIndex: number; }[] | undefined; reflection?: string | undefined; caseChallenge?: string | undefined; }'.
src/app/kursus/[id]/page.tsx(820,143): error TS2339: Property 'scenario' does not exist on type 'string'.
src/app/kursus/[id]/page.tsx(824,114): error TS2339: Property 'task' does not exist on type 'string'.
src/app/kursus/[id]/page.tsx(828,60): error TS2339: Property 'hint' does not exist on type 'string'.
src/app/kursus/[id]/page.tsx(831,131): error TS2339: Property 'hint' does not exist on type 'string'.
src/app/mine-materialer/mindmap/page.tsx(159,32): error TS2339: Property 'createdAt' does not exist on type '{ id: string; }'.
src/app/mine-materialer/mindmap/page.tsx(159,66): error TS2339: Property 'createdAt' does not exist on type '{ id: string; }'.
src/app/mine-materialer/page.tsx(148,22): error TS18047: 'searchParams' is possibly 'null'.
src/app/mundtlig-eksamenstraener/page.tsx(130,9): error TS2353: Object literal may only specify known properties, and 'profession' does not exist in type '{ examType: string; presentationText: string; lawContext?: string | undefined; ethicsContext?: string | undefined; }'.
src/app/second-opinion/page.tsx(536,38): error TS18047: 'assignmentFile' is possibly 'null'.
src/app/settings/page.tsx(425,18): error TS2339: Property 'success' does not exist on type 'void'.
src/app/settings/page.tsx(426,79): error TS2339: Property 'count' does not exist on type 'void'.
src/app/settings/page.tsx(428,32): error TS2339: Property 'error' does not exist on type 'void'.
src/app/shop/ShopClient.tsx(47,20): error TS18047: 'searchParams' is possibly 'null'.
src/app/shop/ShopClient.tsx(48,21): error TS18047: 'searchParams' is possibly 'null'.
src/components/AnalyzeDocModal.tsx(29,80): error TS2345: Argument of type 'string | undefined' is not assignable to parameter of type 'string'.
  Type 'undefined' is not assignable to type 'string'.
src/components/BugReportButton.tsx(29,9): error TS2345: Argument of type 'string | null' is not assignable to parameter of type 'string'.
  Type 'null' is not assignable to type 'string'.
src/components/Footer.tsx(31,26): error TS2322: Type '{ className: string; }' is not assignable to type 'IntrinsicAttributes & { letter?: string | undefined; height: string; width: string; color: string; tilt?: string | undefined; decoration?: "gold" | "bands" | "stripes" | "plain" | "ornament" | undefined; index?: number | undefined; theme?: string | undefined; isGhost?: boolean | undefined; }'.
  Property 'className' does not exist on type 'IntrinsicAttributes & { letter?: string | undefined; height: string; width: string; color: string; tilt?: string | undefined; decoration?: "gold" | "bands" | "stripes" | "plain" | "ornament" | undefined; index?: number | undefined; theme?: string | undefined; isGhost?: boolean | undefined; }'.
src/components/lov-portal/LovPortalViewer.tsx(118,31): error TS2307: Cannot find module './LawFlowchartModal' or its corresponding type declarations.
src/components/lov-portal/LovPortalViewer.tsx(2243,13): error TS2353: Object literal may only specify known properties, and 'history' does not exist in type '{ question: string; chatHistory: any[]; }'.
src/components/MetaPixel.tsx(29,7): error TS18047: 'pathname' is possibly 'null'.
src/components/MobileNativeLayout.tsx(22,17): error TS2339: Property 'loading' does not exist on type 'AppContextType'.
src/components/MobileNativeLayout.tsx(92,82): error TS18047: 'pathname' is possibly 'null'.
src/components/native/NativeLawViewer.tsx(117,25): error TS18047: 'searchParams' is possibly 'null'.
src/components/native/NativeLawViewer.tsx(139,38): error TS18047: 'searchParams' is possibly 'null'.
src/components/native/NativeLawViewer.tsx(140,38): error TS18047: 'searchParams' is possibly 'null'.
src/components/native/NativeLawViewer.tsx(141,37): error TS18047: 'searchParams' is possibly 'null'.
